2026-08-16 10:41:11.475: [INFO] CurrentProfilePath: G:\java-project\pg-management-system\.metadata\.plugins\org.eclipse.swt\EBWebView\Default
2026-08-16 10:41:11.475: [INFO] Profiles total count: 1
2026-08-16 10:41:11.476: [INFO] Profile: name=Profile 1 path=G:\java-project\pg-management-system\.metadata\.plugins\org.eclipse.swt\EBWebView\Default lastActive=null
2026-08-16 10:41:11.476: [INFO] LastUsedProfileDir: G:\java-project\pg-management-system\.metadata\.plugins\org.eclipse.swt\EBWebView\Default
2026-08-16 10:41:11.476: [INFO] OnDoneLoading sync enabled: 0
2026-08-16 10:41:11.476: [INFO] BookmarkModelLoaded, ids_reassigned: 0
2026-08-16 10:41:11.476: [INFO] BookmarksLoadDropped droppedNodes=0
2026-08-16 10:41:11.476: [INFO] BookmarksSnapshot Startup total=0 bar=0 other=0 mobile=0 showBar=0 showBarNTP=1
2026-08-16 10:41:15.610: [INFO] BookmarksSnapshot Shutdown total=0 bar=0 other=0 mobile=0 showBar=0 showBarNTP=1
2026-08-16 13:33:00.575: [INFO] CurrentProfilePath: G:\java-project\pg-management-system\.metadata\.plugins\org.eclipse.swt\EBWebView\Default
2026-08-16 13:33:00.575: [INFO] Profiles total count: 1
2026-08-16 13:33:00.576: [INFO] Profile: name=Profile 1 path=G:\java-project\pg-management-system\.metadata\.plugins\org.eclipse.swt\EBWebView\Default lastActive=2026-08-16T10:41:35.510Z
2026-08-16 13:33:00.576: [INFO] LastUsedProfileDir: G:\java-project\pg-management-system\.metadata\.plugins\org.eclipse.swt\EBWebView\Default
2026-08-16 13:33:00.576: [INFO] MostRecentlyActiveProfile: name=Profile 1 path=G:\java-project\pg-management-system\.metadata\.plugins\org.eclipse.swt\EBWebView\Default lastActive=2026-08-16T10:41:35.510Z
2026-08-16 13:33:00.576: [INFO] OnDoneLoading sync enabled: 0
2026-08-16 13:33:00.576: [INFO] BookmarkModelLoaded, ids_reassigned: 0
2026-08-16 13:33:00.576: [INFO] BookmarksLoadDropped droppedNodes=0
2026-08-16 13:33:00.576: [INFO] BookmarksSnapshot Startup total=0 bar=0 other=0 mobile=0 showBar=0 showBarNTP=1
2026-08-16 15:01:55.434: [INFO] BookmarksSnapshot Shutdown total=0 bar=0 other=0 mobile=0 showBar=0 showBarNTP=1
2026-08-16 18:56:22.306: [INFO] CurrentProfilePath: G:\java-project\pg-management-system\.metadata\.plugins\org.eclipse.swt\EBWebView\Default
2026-08-16 18:56:22.306: [INFO] Profiles total count: 1
2026-08-16 18:56:22.307: [INFO] Profile: name=Profile 1 path=G:\java-project\pg-management-system\.metadata\.plugins\org.eclipse.swt\EBWebView\Default lastActive=2026-08-16T10:41:35.510Z
2026-08-16 18:56:22.307: [INFO] LastUsedProfileDir: G:\java-project\pg-management-system\.metadata\.plugins\org.eclipse.swt\EBWebView\Default
2026-08-16 18:56:22.307: [INFO] MostRecentlyActiveProfile: name=Profile 1 path=G:\java-project\pg-management-system\.metadata\.plugins\org.eclipse.swt\EBWebView\Default lastActive=2026-08-16T10:41:35.510Z
2026-08-16 18:56:22.307: [INFO] OnDoneLoading sync enabled: 0
2026-08-16 18:56:22.307: [INFO] BookmarkModelLoaded, ids_reassigned: 0
2026-08-16 18:56:22.307: [INFO] BookmarksLoadDropped droppedNodes=0
2026-08-16 18:56:22.307: [INFO] BookmarksSnapshot Startup total=0 bar=0 other=0 mobile=0 showBar=0 showBarNTP=1
2026-08-16 18:58:07.091: [INFO] BookmarksSnapshot Shutdown total=0 bar=0 other=0 mobile=0 showBar=0 showBarNTP=1
2026-08-16 19:57:44.580: [INFO] CurrentProfilePath: G:\java-project\pg-management-system\.metadata\.plugins\org.eclipse.swt\EBWebView\Default
2026-08-16 19:57:44.580: [INFO] Profiles total count: 1
2026-08-16 19:57:44.581: [INFO] Profile: name=Profile 1 path=G:\java-project\pg-management-system\.metadata\.plugins\org.eclipse.swt\EBWebView\Default lastActive=2026-08-16T18:58:06.862Z
2026-08-16 19:57:44.581: [INFO] LastUsedProfileDir: G:\java-project\pg-management-system\.metadata\.plugins\org.eclipse.swt\EBWebView\Default
2026-08-16 19:57:44.581: [INFO] MostRecentlyActiveProfile: name=Profile 1 path=G:\java-project\pg-management-system\.metadata\.plugins\org.eclipse.swt\EBWebView\Default lastActive=2026-08-16T18:58:06.862Z
2026-08-16 19:57:44.581: [INFO] OnDoneLoading sync enabled: 0
2026-08-16 19:57:44.581: [INFO] BookmarkModelLoaded, ids_reassigned: 0
2026-08-16 19:57:44.581: [INFO] BookmarksLoadDropped droppedNodes=0
2026-08-16 19:57:44.581: [INFO] BookmarksSnapshot Startup total=0 bar=0 other=0 mobile=0 showBar=0 showBarNTP=1
2026-08-16 19:57:56.640: [INFO] BookmarksSnapshot Shutdown total=0 bar=0 other=0 mobile=0 showBar=0 showBarNTP=1
2026-08-16 19:58:08.932: [INFO] CurrentProfilePath: G:\java-project\pg-management-system\.metadata\.plugins\org.eclipse.swt\EBWebView\Default
2026-08-16 19:58:08.932: [INFO] Profiles total count: 1
2026-08-16 19:58:08.932: [INFO] Profile: name=Profile 1 path=G:\java-project\pg-management-system\.metadata\.plugins\org.eclipse.swt\EBWebView\Default lastActive=2026-08-16T18:58:06.862Z
2026-08-16 19:58:08.932: [INFO] LastUsedProfileDir: G:\java-project\pg-management-system\.metadata\.plugins\org.eclipse.swt\EBWebView\Default
2026-08-16 19:58:08.932: [INFO] MostRecentlyActiveProfile: name=Profile 1 path=G:\java-project\pg-management-system\.metadata\.plugins\org.eclipse.swt\EBWebView\Default lastActive=2026-08-16T18:58:06.862Z
2026-08-16 19:58:08.932: [INFO] OnDoneLoading sync enabled: 0
2026-08-16 19:58:08.932: [INFO] BookmarkModelLoaded, ids_reassigned: 0
2026-08-16 19:58:08.932: [INFO] BookmarksLoadDropped droppedNodes=0
2026-08-16 19:58:08.932: [INFO] BookmarksSnapshot Startup total=0 bar=0 other=0 mobile=0 showBar=0 showBarNTP=1
2026-08-16 20:10:41.465: [INFO] BookmarksSnapshot Shutdown total=0 bar=0 other=0 mobile=0 showBar=0 showBarNTP=1
2026-08-17 05:32:58.135: [INFO] CurrentProfilePath: G:\java-project\pg-management-system\.metadata\.plugins\org.eclipse.swt\EBWebView\Default
2026-08-17 05:32:58.135: [INFO] Profiles total count: 1
2026-08-17 05:32:58.136: [INFO] Profile: name=Profile 1 path=G:\java-project\pg-management-system\.metadata\.plugins\org.eclipse.swt\EBWebView\Default lastActive=2026-08-16T18:58:06.862Z
2026-08-17 05:32:58.136: [INFO] LastUsedProfileDir: G:\java-project\pg-management-system\.metadata\.plugins\org.eclipse.swt\EBWebView\Default
2026-08-17 05:32:58.136: [INFO] MostRecentlyActiveProfile: name=Profile 1 path=G:\java-project\pg-management-system\.metadata\.plugins\org.eclipse.swt\EBWebView\Default lastActive=2026-08-16T18:58:06.862Z
2026-08-17 05:32:58.136: [INFO] OnDoneLoading sync enabled: 0
2026-08-17 05:32:58.136: [INFO] BookmarkModelLoaded, ids_reassigned: 0
2026-08-17 05:32:58.136: [INFO] BookmarksLoadDropped droppedNodes=0
2026-08-17 05:32:58.136: [INFO] BookmarksSnapshot Startup total=0 bar=0 other=0 mobile=0 showBar=0 showBarNTP=1
2026-08-17 05:33:13.557: [INFO] BookmarksSnapshot Shutdown total=0 bar=0 other=0 mobile=0 showBar=0 showBarNTP=1
2026-08-17 06:20:35.432: [INFO] CurrentProfilePath: G:\java-project\pg-management-system\.metadata\.plugins\org.eclipse.swt\EBWebView\Default
2026-08-17 06:20:35.432: [INFO] Profiles total count: 1
2026-08-17 06:20:35.432: [INFO] Profile: name=Profile 1 path=G:\java-project\pg-management-system\.metadata\.plugins\org.eclipse.swt\EBWebView\Default lastActive=2026-08-17T05:33:13.094Z
2026-08-17 06:20:35.432: [INFO] LastUsedProfileDir: G:\java-project\pg-management-system\.metadata\.plugins\org.eclipse.swt\EBWebView\Default
2026-08-17 06:20:35.432: [INFO] MostRecentlyActiveProfile: name=Profile 1 path=G:\java-project\pg-management-system\.metadata\.plugins\org.eclipse.swt\EBWebView\Default lastActive=2026-08-17T05:33:13.094Z
2026-08-17 06:20:35.432: [INFO] OnDoneLoading sync enabled: 0
2026-08-17 06:20:35.432: [INFO] BookmarkModelLoaded, ids_reassigned: 0
2026-08-17 06:20:35.432: [INFO] BookmarksLoadDropped droppedNodes=0
2026-08-17 06:20:35.433: [INFO] BookmarksSnapshot Startup total=0 bar=0 other=0 mobile=0 showBar=0 showBarNTP=1
2026-08-17 07:31:18.368: [INFO] BookmarksSnapshot Shutdown total=0 bar=0 other=0 mobile=0 showBar=0 showBarNTP=1
2026-08-20 07:14:33.097: [INFO] CurrentProfilePath: G:\java-project\pg-management-system\.metadata\.plugins\org.eclipse.swt\EBWebView\Default
2026-08-20 07:14:33.097: [INFO] Profiles total count: 1
2026-08-20 07:14:33.098: [INFO] Profile: name=Profile 1 path=G:\java-project\pg-management-system\.metadata\.plugins\org.eclipse.swt\EBWebView\Default lastActive=2026-08-17T05:33:13.094Z
2026-08-20 07:14:33.098: [INFO] LastUsedProfileDir: G:\java-project\pg-management-system\.metadata\.plugins\org.eclipse.swt\EBWebView\Default
2026-08-20 07:14:33.098: [INFO] MostRecentlyActiveProfile: name=Profile 1 path=G:\java-project\pg-management-system\.metadata\.plugins\org.eclipse.swt\EBWebView\Default lastActive=2026-08-17T05:33:13.094Z
2026-08-20 07:14:33.098: [INFO] OnDoneLoading sync enabled: 0
2026-08-20 07:14:33.098: [INFO] BookmarkModelLoaded, ids_reassigned: 0
2026-08-20 07:14:33.098: [INFO] BookmarksLoadDropped droppedNodes=0
2026-08-20 07:14:33.098: [INFO] BookmarksSnapshot Startup total=0 bar=0 other=0 mobile=0 showBar=0 showBarNTP=1
2026-08-20 07:14:37.321: [INFO] BookmarksSnapshot Shutdown total=0 bar=0 other=0 mobile=0 showBar=0 showBarNTP=1
2026-08-20 07:34:21.738: [INFO] CurrentProfilePath: G:\java-project\pg-management-system\.metadata\.plugins\org.eclipse.swt\EBWebView\Default
2026-08-20 07:34:21.738: [INFO] Profiles total count: 1
2026-08-20 07:34:21.738: [INFO] Profile: name=Profile 1 path=G:\java-project\pg-management-system\.metadata\.plugins\org.eclipse.swt\EBWebView\Default lastActive=2026-08-20T07:14:36.994Z
2026-08-20 07:34:21.738: [INFO] LastUsedProfileDir: G:\java-project\pg-management-system\.metadata\.plugins\org.eclipse.swt\EBWebView\Default
2026-08-20 07:34:21.738: [INFO] MostRecentlyActiveProfile: name=Profile 1 path=G:\java-project\pg-management-system\.metadata\.plugins\org.eclipse.swt\EBWebView\Default lastActive=2026-08-20T07:14:36.994Z
2026-08-20 07:34:21.738: [INFO] OnDoneLoading sync enabled: 0
2026-08-20 07:34:21.738: [INFO] BookmarkModelLoaded, ids_reassigned: 0
2026-08-20 07:34:21.738: [INFO] BookmarksLoadDropped droppedNodes=0
2026-08-20 07:34:21.738: [INFO] BookmarksSnapshot Startup total=0 bar=0 other=0 mobile=0 showBar=0 showBarNTP=1
2026-08-20 07:37:49.342: [INFO] BookmarksSnapshot Shutdown total=0 bar=0 other=0 mobile=0 showBar=0 showBarNTP=1
2026-08-20 07:38:04.346: [INFO] CurrentProfilePath: G:\java-project\pg-management-system\.metadata\.plugins\org.eclipse.swt\EBWebView\Default
2026-08-20 07:38:04.346: [INFO] Profiles total count: 1
2026-08-20 07:38:04.346: [INFO] Profile: name=Profile 1 path=G:\java-project\pg-management-system\.metadata\.plugins\org.eclipse.swt\EBWebView\Default lastActive=2026-08-20T07:14:36.994Z
2026-08-20 07:38:04.346: [INFO] LastUsedProfileDir: G:\java-project\pg-management-system\.metadata\.plugins\org.eclipse.swt\EBWebView\Default
2026-08-20 07:38:04.346: [INFO] MostRecentlyActiveProfile: name=Profile 1 path=G:\java-project\pg-management-system\.metadata\.plugins\org.eclipse.swt\EBWebView\Default lastActive=2026-08-20T07:14:36.994Z
2026-08-20 07:38:04.346: [INFO] OnDoneLoading sync enabled: 0
2026-08-20 07:38:04.346: [INFO] BookmarkModelLoaded, ids_reassigned: 0
2026-08-20 07:38:04.346: [INFO] BookmarksLoadDropped droppedNodes=0
2026-08-20 07:38:04.346: [INFO] BookmarksSnapshot Startup total=0 bar=0 other=0 mobile=0 showBar=0 showBarNTP=1
2026-08-20 08:06:10.337: [INFO] BookmarksSnapshot Shutdown total=0 bar=0 other=0 mobile=0 showBar=0 showBarNTP=1
2026-08-21 04:58:23.199: [INFO] CurrentProfilePath: G:\java-project\pg-management-system\.metadata\.plugins\org.eclipse.swt\EBWebView\Default
2026-08-21 04:58:23.199: [INFO] Profiles total count: 1
2026-08-21 04:58:23.200: [INFO] Profile: name=Profile 1 path=G:\java-project\pg-management-system\.metadata\.plugins\org.eclipse.swt\EBWebView\Default lastActive=2026-08-20T07:14:36.994Z
2026-08-21 04:58:23.200: [INFO] LastUsedProfileDir: G:\java-project\pg-management-system\.metadata\.plugins\org.eclipse.swt\EBWebView\Default
2026-08-21 04:58:23.200: [INFO] MostRecentlyActiveProfile: name=Profile 1 path=G:\java-project\pg-management-system\.metadata\.plugins\org.eclipse.swt\EBWebView\Default lastActive=2026-08-20T07:14:36.994Z
2026-08-21 04:58:23.200: [INFO] OnDoneLoading sync enabled: 0
2026-08-21 04:58:23.200: [INFO] BookmarkModelLoaded, ids_reassigned: 0
2026-08-21 04:58:23.200: [INFO] BookmarksLoadDropped droppedNodes=0
2026-08-21 04:58:23.200: [INFO] BookmarksSnapshot Startup total=0 bar=0 other=0 mobile=0 showBar=0 showBarNTP=1
2026-08-21 05:01:45.145: [INFO] BookmarksSnapshot Shutdown total=0 bar=0 other=0 mobile=0 showBar=0 showBarNTP=1
2026-08-21 05:06:43.852: [INFO] CurrentProfilePath: G:\java-project\pg-management-system\.metadata\.plugins\org.eclipse.swt\EBWebView\Default
2026-08-21 05:06:43.852: [INFO] Profiles total count: 1
2026-08-21 05:06:43.852: [INFO] Profile: name=Profile 1 path=G:\java-project\pg-management-system\.metadata\.plugins\org.eclipse.swt\EBWebView\Default lastActive=2026-08-21T05:01:42.542Z
2026-08-21 05:06:43.852: [INFO] LastUsedProfileDir: G:\java-project\pg-management-system\.metadata\.plugins\org.eclipse.swt\EBWebView\Default
2026-08-21 05:06:43.852: [INFO] MostRecentlyActiveProfile: name=Profile 1 path=G:\java-project\pg-management-system\.metadata\.plugins\org.eclipse.swt\EBWebView\Default lastActive=2026-08-21T05:01:42.542Z
2026-08-21 05:06:43.852: [INFO] OnDoneLoading sync enabled: 0
2026-08-21 05:06:43.852: [INFO] BookmarkModelLoaded, ids_reassigned: 0
2026-08-21 05:06:43.852: [INFO] BookmarksLoadDropped droppedNodes=0
2026-08-21 05:06:43.852: [INFO] BookmarksSnapshot Startup total=0 bar=0 other=0 mobile=0 showBar=0 showBarNTP=1
2026-08-21 05:07:44.588: [INFO] BookmarksSnapshot Shutdown total=0 bar=0 other=0 mobile=0 showBar=0 showBarNTP=1
2026-08-22 18:33:54.881: [INFO] CurrentProfilePath: G:\java-project\pg-management-system\.metadata\.plugins\org.eclipse.swt\EBWebView\Default
2026-08-22 18:33:54.881: [INFO] Profiles total count: 1
2026-08-22 18:33:54.882: [INFO] Profile: name=Profile 1 path=G:\java-project\pg-management-system\.metadata\.plugins\org.eclipse.swt\EBWebView\Default lastActive=2026-08-21T05:01:42.542Z
2026-08-22 18:33:54.882: [INFO] LastUsedProfileDir: G:\java-project\pg-management-system\.metadata\.plugins\org.eclipse.swt\EBWebView\Default
2026-08-22 18:33:54.883: [INFO] MostRecentlyActiveProfile: name=Profile 1 path=G:\java-project\pg-management-system\.metadata\.plugins\org.eclipse.swt\EBWebView\Default lastActive=2026-08-21T05:01:42.542Z
2026-08-22 18:33:54.883: [INFO] OnDoneLoading sync enabled: 0
2026-08-22 18:33:54.883: [INFO] BookmarkModelLoaded, ids_reassigned: 0
2026-08-22 18:33:54.883: [INFO] BookmarksLoadDropped droppedNodes=0
2026-08-22 18:33:54.883: [INFO] BookmarksSnapshot Startup total=0 bar=0 other=0 mobile=0 showBar=0 showBarNTP=1
2026-08-22 18:36:05.331: [INFO] BookmarksSnapshot Shutdown total=0 bar=0 other=0 mobile=0 showBar=0 showBarNTP=1
2026-08-23 07:19:45.490: [INFO] CurrentProfilePath: G:\java-project\pg-management-system\.metadata\.plugins\org.eclipse.swt\EBWebView\Default
2026-08-23 07:19:45.490: [INFO] Profiles total count: 1
2026-08-23 07:19:45.491: [INFO] Profile: name=Profile 1 path=G:\java-project\pg-management-system\.metadata\.plugins\org.eclipse.swt\EBWebView\Default lastActive=2026-08-22T18:36:04.900Z
2026-08-23 07:19:45.491: [INFO] LastUsedProfileDir: G:\java-project\pg-management-system\.metadata\.plugins\org.eclipse.swt\EBWebView\Default
2026-08-23 07:19:45.491: [INFO] MostRecentlyActiveProfile: name=Profile 1 path=G:\java-project\pg-management-system\.metadata\.plugins\org.eclipse.swt\EBWebView\Default lastActive=2026-08-22T18:36:04.900Z
2026-08-23 07:19:45.491: [INFO] OnDoneLoading sync enabled: 0
2026-08-23 07:19:45.491: [INFO] BookmarkModelLoaded, ids_reassigned: 0
2026-08-23 07:19:45.491: [INFO] BookmarksLoadDropped droppedNodes=0
2026-08-23 07:19:45.491: [INFO] BookmarksSnapshot Startup total=0 bar=0 other=0 mobile=0 showBar=0 showBarNTP=1
2026-08-23 07:20:01.929: [INFO] BookmarksSnapshot Shutdown total=0 bar=0 other=0 mobile=0 showBar=0 showBarNTP=1
2026-08-24 13:02:54.873: [INFO] CurrentProfilePath: G:\java-project\pg-management-system\.metadata\.plugins\org.eclipse.swt\EBWebView\Default
2026-08-24 13:02:54.873: [INFO] Profiles total count: 1
2026-08-24 13:02:54.874: [INFO] Profile: name=Profile 1 path=G:\java-project\pg-management-system\.metadata\.plugins\org.eclipse.swt\EBWebView\Default lastActive=2026-08-23T07:20:01.560Z
2026-08-24 13:02:54.874: [INFO] LastUsedProfileDir: G:\java-project\pg-management-system\.metadata\.plugins\org.eclipse.swt\EBWebView\Default
2026-08-24 13:02:54.874: [INFO] MostRecentlyActiveProfile: name=Profile 1 path=G:\java-project\pg-management-system\.metadata\.plugins\org.eclipse.swt\EBWebView\Default lastActive=2026-08-23T07:20:01.560Z
2026-08-24 13:02:54.874: [INFO] OnDoneLoading sync enabled: 0
2026-08-24 13:02:54.874: [INFO] BookmarkModelLoaded, ids_reassigned: 0
2026-08-24 13:02:54.874: [INFO] BookmarksLoadDropped droppedNodes=0
2026-08-24 13:02:54.874: [INFO] BookmarksSnapshot Startup total=0 bar=0 other=0 mobile=0 showBar=0 showBarNTP=1
2026-08-24 13:02:58.618: [INFO] BookmarksSnapshot Shutdown total=0 bar=0 other=0 mobile=0 showBar=0 showBarNTP=1
2026-08-24 13:04:20.934: [INFO] CurrentProfilePath: G:\java-project\pg-management-system\.metadata\.plugins\org.eclipse.swt\EBWebView\Default
2026-08-24 13:04:20.934: [INFO] Profiles total count: 1
2026-08-24 13:04:20.935: [INFO] Profile: name=Profile 1 path=G:\java-project\pg-management-system\.metadata\.plugins\org.eclipse.swt\EBWebView\Default lastActive=2026-08-24T13:02:58.288Z
2026-08-24 13:04:20.935: [INFO] LastUsedProfileDir: G:\java-project\pg-management-system\.metadata\.plugins\org.eclipse.swt\EBWebView\Default
2026-08-24 13:04:20.935: [INFO] MostRecentlyActiveProfile: name=Profile 1 path=G:\java-project\pg-management-system\.metadata\.plugins\org.eclipse.swt\EBWebView\Default lastActive=2026-08-24T13:02:58.288Z
2026-08-24 13:04:20.935: [INFO] OnDoneLoading sync enabled: 0
2026-08-24 13:04:20.935: [INFO] BookmarkModelLoaded, ids_reassigned: 0
2026-08-24 13:04:20.935: [INFO] BookmarksLoadDropped droppedNodes=0
2026-08-24 13:04:20.935: [INFO] BookmarksSnapshot Startup total=0 bar=0 other=0 mobile=0 showBar=0 showBarNTP=1
2026-08-24 13:04:30.505: [INFO] BookmarksSnapshot Shutdown total=0 bar=0 other=0 mobile=0 showBar=0 showBarNTP=1
2026-08-24 13:37:05.872: [INFO] CurrentProfilePath: G:\java-project\pg-management-system\.metadata\.plugins\org.eclipse.swt\EBWebView\Default
2026-08-24 13:37:05.872: [INFO] Profiles total count: 1
2026-08-24 13:37:05.872: [INFO] Profile: name=Profile 1 path=G:\java-project\pg-management-system\.metadata\.plugins\org.eclipse.swt\EBWebView\Default lastActive=2026-08-24T13:02:58.288Z
2026-08-24 13:37:05.872: [INFO] LastUsedProfileDir: G:\java-project\pg-management-system\.metadata\.plugins\org.eclipse.swt\EBWebView\Default
2026-08-24 13:37:05.872: [INFO] MostRecentlyActiveProfile: name=Profile 1 path=G:\java-project\pg-management-system\.metadata\.plugins\org.eclipse.swt\EBWebView\Default lastActive=2026-08-24T13:02:58.288Z
2026-08-24 13:37:05.872: [INFO] OnDoneLoading sync enabled: 0
2026-08-24 13:37:05.872: [INFO] BookmarkModelLoaded, ids_reassigned: 0
2026-08-24 13:37:05.872: [INFO] BookmarksLoadDropped droppedNodes=0
2026-08-24 13:37:05.872: [INFO] BookmarksSnapshot Startup total=0 bar=0 other=0 mobile=0 showBar=0 showBarNTP=1
2026-08-24 16:09:24.604: [INFO] BookmarksSnapshot Shutdown total=0 bar=0 other=0 mobile=0 showBar=0 showBarNTP=1
2026-08-24 18:41:22.091: [INFO] CurrentProfilePath: G:\java-project\pg-management-system\.metadata\.plugins\org.eclipse.swt\EBWebView\Default
2026-08-24 18:41:22.091: [INFO] Profiles total count: 1
2026-08-24 18:41:22.091: [INFO] Profile: name=Profile 1 path=G:\java-project\pg-management-system\.metadata\.plugins\org.eclipse.swt\EBWebView\Default lastActive=2026-08-24T13:02:58.288Z
2026-08-24 18:41:22.091: [INFO] LastUsedProfileDir: G:\java-project\pg-management-system\.metadata\.plugins\org.eclipse.swt\EBWebView\Default
2026-08-24 18:41:22.091: [INFO] MostRecentlyActiveProfile: name=Profile 1 path=G:\java-project\pg-management-system\.metadata\.plugins\org.eclipse.swt\EBWebView\Default lastActive=2026-08-24T13:02:58.288Z
2026-08-24 18:41:22.091: [INFO] OnDoneLoading sync enabled: 0
2026-08-24 18:41:22.091: [INFO] BookmarkModelLoaded, ids_reassigned: 0
2026-08-24 18:41:22.091: [INFO] BookmarksLoadDropped droppedNodes=0
2026-08-24 18:41:22.091: [INFO] BookmarksSnapshot Startup total=0 bar=0 other=0 mobile=0 showBar=0 showBarNTP=1
2026-08-24 18:41:26.005: [INFO] BookmarksSnapshot Shutdown total=0 bar=0 other=0 mobile=0 showBar=0 showBarNTP=1
2026-08-24 19:04:50.423: [INFO] CurrentProfilePath: G:\java-project\pg-management-system\.metadata\.plugins\org.eclipse.swt\EBWebView\Default
2026-08-24 19:04:50.423: [INFO] Profiles total count: 1
2026-08-24 19:04:50.423: [INFO] Profile: name=Profile 1 path=G:\java-project\pg-management-system\.metadata\.plugins\org.eclipse.swt\EBWebView\Default lastActive=2026-08-24T18:41:25.674Z
2026-08-24 19:04:50.423: [INFO] LastUsedProfileDir: G:\java-project\pg-management-system\.metadata\.plugins\org.eclipse.swt\EBWebView\Default
2026-08-24 19:04:50.423: [INFO] MostRecentlyActiveProfile: name=Profile 1 path=G:\java-project\pg-management-system\.metadata\.plugins\org.eclipse.swt\EBWebView\Default lastActive=2026-08-24T18:41:25.674Z
2026-08-24 19:04:50.423: [INFO] OnDoneLoading sync enabled: 0
2026-08-24 19:04:50.423: [INFO] BookmarkModelLoaded, ids_reassigned: 0
2026-08-24 19:04:50.423: [INFO] BookmarksLoadDropped droppedNodes=0
2026-08-24 19:04:50.423: [INFO] BookmarksSnapshot Startup total=0 bar=0 other=0 mobile=0 showBar=0 showBarNTP=1
2026-08-24 19:17:40.373: [INFO] BookmarksSnapshot Shutdown total=0 bar=0 other=0 mobile=0 showBar=0 showBarNTP=1
2026-08-25 09:07:26.990: [INFO] CurrentProfilePath: G:\java-project\pg-management-system\.metadata\.plugins\org.eclipse.swt\EBWebView\Default
2026-08-25 09:07:26.990: [INFO] Profiles total count: 1
2026-08-25 09:07:26.991: [INFO] Profile: name=Profile 1 path=G:\java-project\pg-management-system\.metadata\.plugins\org.eclipse.swt\EBWebView\Default lastActive=2026-08-24T18:41:25.674Z
2026-08-25 09:07:26.991: [INFO] LastUsedProfileDir: G:\java-project\pg-management-system\.metadata\.plugins\org.eclipse.swt\EBWebView\Default
2026-08-25 09:07:26.991: [INFO] MostRecentlyActiveProfile: name=Profile 1 path=G:\java-project\pg-management-system\.metadata\.plugins\org.eclipse.swt\EBWebView\Default lastActive=2026-08-24T18:41:25.674Z
2026-08-25 09:07:26.991: [INFO] OnDoneLoading sync enabled: 0
2026-08-25 09:07:26.991: [INFO] BookmarkModelLoaded, ids_reassigned: 0
2026-08-25 09:07:26.991: [INFO] BookmarksLoadDropped droppedNodes=0
2026-08-25 09:07:26.991: [INFO] BookmarksSnapshot Startup total=0 bar=0 other=0 mobile=0 showBar=0 showBarNTP=1
2026-08-25 09:07:30.461: [INFO] BookmarksSnapshot Shutdown total=0 bar=0 other=0 mobile=0 showBar=0 showBarNTP=1
2026-08-26 02:16:11.066: [INFO] CurrentProfilePath: G:\java-project\pg-management-system\BackEnd\.metadata\.plugins\org.eclipse.swt\EBWebView\Default
2026-08-26 02:16:11.066: [INFO] Profiles total count: 1
2026-08-26 02:16:11.067: [INFO] Profile: name=Profile 1 path=G:\java-project\pg-management-system\BackEnd\.metadata\.plugins\org.eclipse.swt\EBWebView\Default lastActive=2026-08-25T09:07:30.104Z
2026-08-26 02:16:11.067: [INFO] LastUsedProfileDir: G:\java-project\pg-management-system\BackEnd\.metadata\.plugins\org.eclipse.swt\EBWebView\Default
2026-08-26 02:16:11.067: [INFO] MostRecentlyActiveProfile: name=Profile 1 path=G:\java-project\pg-management-system\BackEnd\.metadata\.plugins\org.eclipse.swt\EBWebView\Default lastActive=2026-08-25T09:07:30.104Z
2026-08-26 02:16:11.067: [INFO] OnDoneLoading sync enabled: 0
2026-08-26 02:16:11.067: [INFO] BookmarkModelLoaded, ids_reassigned: 0
2026-08-26 02:16:11.067: [INFO] BookmarksLoadDropped droppedNodes=0
2026-08-26 02:16:11.067: [INFO] BookmarksSnapshot Startup total=0 bar=0 other=0 mobile=0 showBar=0 showBarNTP=1
2026-08-26 02:17:03.461: [INFO] BookmarksSnapshot Shutdown total=0 bar=0 other=0 mobile=0 showBar=0 showBarNTP=1
2026-08-26 12:26:25.187: [INFO] CurrentProfilePath: G:\java-project\pg-management-system\BackEnd\.metadata\.plugins\org.eclipse.swt\EBWebView\Default
2026-08-26 12:26:25.188: [INFO] Profiles total count: 1
2026-08-26 12:26:25.189: [INFO] Profile: name=Profile 1 path=G:\java-project\pg-management-system\BackEnd\.metadata\.plugins\org.eclipse.swt\EBWebView\Default lastActive=2026-08-26T11:57:03.943Z
2026-08-26 12:26:25.189: [INFO] LastUsedProfileDir: G:\java-project\pg-management-system\BackEnd\.metadata\.plugins\org.eclipse.swt\EBWebView\Default
2026-08-26 12:26:25.189: [INFO] MostRecentlyActiveProfile: name=Profile 1 path=G:\java-project\pg-management-system\BackEnd\.metadata\.plugins\org.eclipse.swt\EBWebView\Default lastActive=2026-08-26T11:57:03.943Z
2026-08-26 12:26:25.189: [INFO] OnDoneLoading sync enabled: 0
2026-08-26 12:26:25.189: [INFO] BookmarkModelLoaded, ids_reassigned: 0
2026-08-26 12:26:25.189: [INFO] BookmarksLoadDropped droppedNodes=0
2026-08-26 12:26:25.189: [INFO] BookmarksSnapshot Startup total=0 bar=0 other=0 mobile=0 showBar=0 showBarNTP=1
2026-08-26 13:03:25.032: [INFO] BookmarksSnapshot Shutdown total=0 bar=0 other=0 mobile=0 showBar=0 showBarNTP=1
2026-08-26 17:24:07.974: [INFO] CurrentProfilePath: G:\java-project\pg-management-system\BackEnd\.metadata\.plugins\org.eclipse.swt\EBWebView\Default
2026-08-26 17:24:07.974: [INFO] Profiles total count: 1
2026-08-26 17:24:07.976: [INFO] Profile: name=Profile 1 path=G:\java-project\pg-management-system\BackEnd\.metadata\.plugins\org.eclipse.swt\EBWebView\Default lastActive=2026-08-26T11:57:03.943Z
2026-08-26 17:24:07.976: [INFO] LastUsedProfileDir: G:\java-project\pg-management-system\BackEnd\.metadata\.plugins\org.eclipse.swt\EBWebView\Default
2026-08-26 17:24:07.976: [INFO] MostRecentlyActiveProfile: name=Profile 1 path=G:\java-project\pg-management-system\BackEnd\.metadata\.plugins\org.eclipse.swt\EBWebView\Default lastActive=2026-08-26T11:57:03.943Z
2026-08-26 17:24:07.976: [INFO] OnDoneLoading sync enabled: 0
2026-08-26 17:24:07.976: [INFO] BookmarkModelLoaded, ids_reassigned: 0
2026-08-26 17:24:07.976: [INFO] BookmarksLoadDropped droppedNodes=0
2026-08-26 17:24:07.976: [INFO] BookmarksSnapshot Startup total=0 bar=0 other=0 mobile=0 showBar=0 showBarNTP=1
2026-08-26 17:24:11.909: [INFO] BookmarksSnapshot Shutdown total=0 bar=0 other=0 mobile=0 showBar=0 showBarNTP=1
2026-08-26 18:24:54.311: [INFO] CurrentProfilePath: G:\java-project\pg-management-system\BackEnd\.metadata\.plugins\org.eclipse.swt\EBWebView\Default
2026-08-26 18:24:54.311: [INFO] Profiles total count: 1
2026-08-26 18:24:54.311: [INFO] Profile: name=Profile 1 path=G:\java-project\pg-management-system\BackEnd\.metadata\.plugins\org.eclipse.swt\EBWebView\Default lastActive=2026-08-26T17:24:11.296Z
2026-08-26 18:24:54.311: [INFO] LastUsedProfileDir: G:\java-project\pg-management-system\BackEnd\.metadata\.plugins\org.eclipse.swt\EBWebView\Default
2026-08-26 18:24:54.311: [INFO] MostRecentlyActiveProfile: name=Profile 1 path=G:\java-project\pg-management-system\BackEnd\.metadata\.plugins\org.eclipse.swt\EBWebView\Default lastActive=2026-08-26T17:24:11.296Z
2026-08-26 18:24:54.311: [INFO] OnDoneLoading sync enabled: 0
2026-08-26 18:24:54.311: [INFO] BookmarkModelLoaded, ids_reassigned: 0
2026-08-26 18:24:54.311: [INFO] BookmarksLoadDropped droppedNodes=0
2026-08-26 18:24:54.311: [INFO] BookmarksSnapshot Startup total=0 bar=0 other=0 mobile=0 showBar=0 showBarNTP=1
2026-08-26 18:30:59.135: [INFO] BookmarksSnapshot Shutdown total=0 bar=0 other=0 mobile=0 showBar=0 showBarNTP=1
2026-08-27 07:33:12.880: [INFO] CurrentProfilePath: G:\java-project\pg-management-system\BackEnd\.metadata\.plugins\org.eclipse.swt\EBWebView\Default
2026-08-27 07:33:12.880: [INFO] Profiles total count: 1
2026-08-27 07:33:12.881: [INFO] Profile: name=Profile 1 path=G:\java-project\pg-management-system\BackEnd\.metadata\.plugins\org.eclipse.swt\EBWebView\Default lastActive=2026-08-26T17:24:11.296Z
2026-08-27 07:33:12.881: [INFO] LastUsedProfileDir: G:\java-project\pg-management-system\BackEnd\.metadata\.plugins\org.eclipse.swt\EBWebView\Default
2026-08-27 07:33:12.881: [INFO] MostRecentlyActiveProfile: name=Profile 1 path=G:\java-project\pg-management-system\BackEnd\.metadata\.plugins\org.eclipse.swt\EBWebView\Default lastActive=2026-08-26T17:24:11.296Z
2026-08-27 07:33:12.881: [INFO] OnDoneLoading sync enabled: 0
2026-08-27 07:33:12.881: [INFO] BookmarkModelLoaded, ids_reassigned: 0
2026-08-27 07:33:12.881: [INFO] BookmarksLoadDropped droppedNodes=0
2026-08-27 07:33:12.881: [INFO] BookmarksSnapshot Startup total=0 bar=0 other=0 mobile=0 showBar=0 showBarNTP=1
2026-08-27 07:33:16.712: [INFO] BookmarksSnapshot Shutdown total=0 bar=0 other=0 mobile=0 showBar=0 showBarNTP=1
2026-08-27 14:15:22.863: [INFO] CurrentProfilePath: G:\java-project\pg-management-system\BackEnd\.metadata\.plugins\org.eclipse.swt\EBWebView\Default
2026-08-27 14:15:22.863: [INFO] Profiles total count: 1
2026-08-27 14:15:22.864: [INFO] Profile: name=Profile 1 path=G:\java-project\pg-management-system\BackEnd\.metadata\.plugins\org.eclipse.swt\EBWebView\Default lastActive=2026-08-27T07:33:16.243Z
2026-08-27 14:15:22.864: [INFO] LastUsedProfileDir: G:\java-project\pg-management-system\BackEnd\.metadata\.plugins\org.eclipse.swt\EBWebView\Default
2026-08-27 14:15:22.864: [INFO] MostRecentlyActiveProfile: name=Profile 1 path=G:\java-project\pg-management-system\BackEnd\.metadata\.plugins\org.eclipse.swt\EBWebView\Default lastActive=2026-08-27T07:33:16.243Z
2026-08-27 14:15:22.864: [INFO] OnDoneLoading sync enabled: 0
2026-08-27 14:15:22.864: [INFO] BookmarkModelLoaded, ids_reassigned: 0
2026-08-27 14:15:22.864: [INFO] BookmarksLoadDropped droppedNodes=0
2026-08-27 14:15:22.864: [INFO] BookmarksSnapshot Startup total=0 bar=0 other=0 mobile=0 showBar=0 showBarNTP=1
2026-08-27 14:15:26.312: [INFO] BookmarksSnapshot Shutdown total=0 bar=0 other=0 mobile=0 showBar=0 showBarNTP=1
2026-08-28 07:07:57.933: [INFO] CurrentProfilePath: G:\java-project\pg-management-system\BackEnd\.metadata\.plugins\org.eclipse.swt\EBWebView\Default
2026-08-28 07:07:57.933: [INFO] Profiles total count: 1
2026-08-28 07:07:57.934: [INFO] Profile: name=Profile 1 path=G:\java-project\pg-management-system\BackEnd\.metadata\.plugins\org.eclipse.swt\EBWebView\Default lastActive=2026-08-27T14:15:25.710Z
2026-08-28 07:07:57.934: [INFO] LastUsedProfileDir: G:\java-project\pg-management-system\BackEnd\.metadata\.plugins\org.eclipse.swt\EBWebView\Default
2026-08-28 07:07:57.934: [INFO] MostRecentlyActiveProfile: name=Profile 1 path=G:\java-project\pg-management-system\BackEnd\.metadata\.plugins\org.eclipse.swt\EBWebView\Default lastActive=2026-08-27T14:15:25.710Z
2026-08-28 07:07:57.934: [INFO] OnDoneLoading sync enabled: 0
2026-08-28 07:07:57.934: [INFO] BookmarkModelLoaded, ids_reassigned: 0
2026-08-28 07:07:57.934: [INFO] BookmarksLoadDropped droppedNodes=0
2026-08-28 07:07:57.934: [INFO] BookmarksSnapshot Startup total=0 bar=0 other=0 mobile=0 showBar=0 showBarNTP=1
2026-08-28 07:08:02.091: [INFO] BookmarksSnapshot Shutdown total=0 bar=0 other=0 mobile=0 showBar=0 showBarNTP=1
2026-08-28 13:45:48.572: [INFO] CurrentProfilePath: G:\java-project\pg-management-system\BackEnd\.metadata\.plugins\org.eclipse.swt\EBWebView\Default
2026-08-28 13:45:48.572: [INFO] Profiles total count: 1
2026-08-28 13:45:48.573: [INFO] Profile: name=Profile 1 path=G:\java-project\pg-management-system\BackEnd\.metadata\.plugins\org.eclipse.swt\EBWebView\Default lastActive=2026-08-28T07:08:01.851Z
2026-08-28 13:45:48.573: [INFO] LastUsedProfileDir: G:\java-project\pg-management-system\BackEnd\.metadata\.plugins\org.eclipse.swt\EBWebView\Default
2026-08-28 13:45:48.573: [INFO] MostRecentlyActiveProfile: name=Profile 1 path=G:\java-project\pg-management-system\BackEnd\.metadata\.plugins\org.eclipse.swt\EBWebView\Default lastActive=2026-08-28T07:08:01.851Z
2026-08-28 13:45:48.573: [INFO] OnDoneLoading sync enabled: 0
2026-08-28 13:45:48.573: [INFO] BookmarkModelLoaded, ids_reassigned: 0
2026-08-28 13:45:48.573: [INFO] BookmarksLoadDropped droppedNodes=0
2026-08-28 13:45:48.573: [INFO] BookmarksSnapshot Startup total=0 bar=0 other=0 mobile=0 showBar=0 showBarNTP=1
2026-08-28 13:45:53.000: [INFO] BookmarksSnapshot Shutdown total=0 bar=0 other=0 mobile=0 showBar=0 showBarNTP=1
2026-08-28 18:12:44.814: [INFO] CurrentProfilePath: G:\java-project\pg-management-system\BackEnd\.metadata\.plugins\org.eclipse.swt\EBWebView\Default
2026-08-28 18:12:44.814: [INFO] Profiles total count: 1
2026-08-28 18:12:44.816: [INFO] Profile: name=Profile 1 path=G:\java-project\pg-management-system\BackEnd\.metadata\.plugins\org.eclipse.swt\EBWebView\Default lastActive=2026-08-28T13:45:52.511Z
2026-08-28 18:12:44.816: [INFO] LastUsedProfileDir: G:\java-project\pg-management-system\BackEnd\.metadata\.plugins\org.eclipse.swt\EBWebView\Default
2026-08-28 18:12:44.816: [INFO] MostRecentlyActiveProfile: name=Profile 1 path=G:\java-project\pg-management-system\BackEnd\.metadata\.plugins\org.eclipse.swt\EBWebView\Default lastActive=2026-08-28T13:45:52.511Z
2026-08-28 18:12:44.816: [INFO] OnDoneLoading sync enabled: 0
2026-08-28 18:12:44.816: [INFO] BookmarkModelLoaded, ids_reassigned: 0
2026-08-28 18:12:44.816: [INFO] BookmarksLoadDropped droppedNodes=0
2026-08-28 18:12:44.816: [INFO] BookmarksSnapshot Startup total=0 bar=0 other=0 mobile=0 showBar=0 showBarNTP=1
2026-08-28 19:41:49.458: [INFO] BookmarksSnapshot Shutdown total=0 bar=0 other=0 mobile=0 showBar=0 showBarNTP=1
2026-08-29 07:00:15.693: [INFO] CurrentProfilePath: G:\java-project\pg-management-system\BackEnd\.metadata\.plugins\org.eclipse.swt\EBWebView\Default
2026-08-29 07:00:15.694: [INFO] Profiles total count: 1
2026-08-29 07:00:15.694: [INFO] Profile: name=Profile 1 path=G:\java-project\pg-management-system\BackEnd\.metadata\.plugins\org.eclipse.swt\EBWebView\Default lastActive=2026-08-28T13:45:52.511Z
2026-08-29 07:00:15.694: [INFO] LastUsedProfileDir: G:\java-project\pg-management-system\BackEnd\.metadata\.plugins\org.eclipse.swt\EBWebView\Default
2026-08-29 07:00:15.694: [INFO] MostRecentlyActiveProfile: name=Profile 1 path=G:\java-project\pg-management-system\BackEnd\.metadata\.plugins\org.eclipse.swt\EBWebView\Default lastActive=2026-08-28T13:45:52.511Z
2026-08-29 07:00:15.694: [INFO] OnDoneLoading sync enabled: 0
2026-08-29 07:00:15.694: [INFO] BookmarkModelLoaded, ids_reassigned: 0
2026-08-29 07:00:15.694: [INFO] BookmarksLoadDropped droppedNodes=0
2026-08-29 07:00:15.694: [INFO] BookmarksSnapshot Startup total=0 bar=0 other=0 mobile=0 showBar=0 showBarNTP=1
2026-08-29 07:00:22.631: [INFO] BookmarksSnapshot Shutdown total=0 bar=0 other=0 mobile=0 showBar=0 showBarNTP=1
2026-08-29 18:05:58.463: [INFO] CurrentProfilePath: G:\java-project\pg-management-system\BackEnd\.metadata\.plugins\org.eclipse.swt\EBWebView\Default
2026-08-29 18:05:58.463: [INFO] Profiles total count: 1
2026-08-29 18:05:58.465: [INFO] Profile: name=Profile 1 path=G:\java-project\pg-management-system\BackEnd\.metadata\.plugins\org.eclipse.swt\EBWebView\Default lastActive=2026-08-29T07:00:22.189Z
2026-08-29 18:05:58.465: [INFO] LastUsedProfileDir: G:\java-project\pg-management-system\BackEnd\.metadata\.plugins\org.eclipse.swt\EBWebView\Default
2026-08-29 18:05:58.465: [INFO] MostRecentlyActiveProfile: name=Profile 1 path=G:\java-project\pg-management-system\BackEnd\.metadata\.plugins\org.eclipse.swt\EBWebView\Default lastActive=2026-08-29T07:00:22.189Z
2026-08-29 18:05:58.465: [INFO] OnDoneLoading sync enabled: 0
2026-08-29 18:05:58.465: [INFO] BookmarkModelLoaded, ids_reassigned: 0
2026-08-29 18:05:58.465: [INFO] BookmarksLoadDropped droppedNodes=0
2026-08-29 18:05:58.465: [INFO] BookmarksSnapshot Startup total=0 bar=0 other=0 mobile=0 showBar=0 showBarNTP=1
2026-08-29 18:08:10.092: [INFO] BookmarksSnapshot Shutdown total=0 bar=0 other=0 mobile=0 showBar=0 showBarNTP=1
2026-08-30 07:40:41.896: [INFO] CurrentProfilePath: G:\java-project\pg-management-system\BackEnd\.metadata\.plugins\org.eclipse.swt\EBWebView\Default
2026-08-30 07:40:41.896: [INFO] Profiles total count: 1
2026-08-30 07:40:41.898: [INFO] Profile: name=Profile 1 path=G:\java-project\pg-management-system\BackEnd\.metadata\.plugins\org.eclipse.swt\EBWebView\Default lastActive=2026-08-29T18:08:09.794Z
2026-08-30 07:40:41.898: [INFO] LastUsedProfileDir: G:\java-project\pg-management-system\BackEnd\.metadata\.plugins\org.eclipse.swt\EBWebView\Default
2026-08-30 07:40:41.898: [INFO] MostRecentlyActiveProfile: name=Profile 1 path=G:\java-project\pg-management-system\BackEnd\.metadata\.plugins\org.eclipse.swt\EBWebView\Default lastActive=2026-08-29T18:08:09.794Z
2026-08-30 07:40:41.898: [INFO] OnDoneLoading sync enabled: 0
2026-08-30 07:40:41.898: [INFO] BookmarkModelLoaded, ids_reassigned: 0
2026-08-30 07:40:41.898: [INFO] BookmarksLoadDropped droppedNodes=0
2026-08-30 07:40:41.898: [INFO] BookmarksSnapshot Startup total=0 bar=0 other=0 mobile=0 showBar=0 showBarNTP=1
2026-08-30 07:40:57.219: [INFO] BookmarksSnapshot Shutdown total=0 bar=0 other=0 mobile=0 showBar=0 showBarNTP=1
2026-08-30 10:28:55.514: [INFO] CurrentProfilePath: G:\java-project\pg-management-system\BackEnd\.metadata\.plugins\org.eclipse.swt\EBWebView\Default
2026-08-30 10:28:55.514: [INFO] Profiles total count: 1
2026-08-30 10:28:55.515: [INFO] Profile: name=Profile 1 path=G:\java-project\pg-management-system\BackEnd\.metadata\.plugins\org.eclipse.swt\EBWebView\Default lastActive=2026-08-30T07:40:56.768Z
2026-08-30 10:28:55.515: [INFO] LastUsedProfileDir: G:\java-project\pg-management-system\BackEnd\.metadata\.plugins\org.eclipse.swt\EBWebView\Default
2026-08-30 10:28:55.515: [INFO] MostRecentlyActiveProfile: name=Profile 1 path=G:\java-project\pg-management-system\BackEnd\.metadata\.plugins\org.eclipse.swt\EBWebView\Default lastActive=2026-08-30T07:40:56.768Z
2026-08-30 10:28:55.515: [INFO] OnDoneLoading sync enabled: 0
2026-08-30 10:28:55.515: [INFO] BookmarkModelLoaded, ids_reassigned: 0
2026-08-30 10:28:55.515: [INFO] BookmarksLoadDropped droppedNodes=0
2026-08-30 10:28:55.515: [INFO] BookmarksSnapshot Startup total=0 bar=0 other=0 mobile=0 showBar=0 showBarNTP=1
2026-08-30 10:55:42.933: [INFO] BookmarksSnapshot Shutdown total=0 bar=0 other=0 mobile=0 showBar=0 showBarNTP=1
2026-09-01 05:31:48.529: [INFO] CurrentProfilePath: G:\java-project\pg-management-system\BackEnd\.metadata\.plugins\org.eclipse.swt\EBWebView\Default
2026-09-01 05:31:48.529: [INFO] Profiles total count: 1
2026-09-01 05:31:48.530: [INFO] Profile: name=Profile 1 path=G:\java-project\pg-management-system\BackEnd\.metadata\.plugins\org.eclipse.swt\EBWebView\Default lastActive=2026-08-30T07:40:56.768Z
2026-09-01 05:31:48.530: [INFO] LastUsedProfileDir: G:\java-project\pg-management-system\BackEnd\.metadata\.plugins\org.eclipse.swt\EBWebView\Default
2026-09-01 05:31:48.530: [INFO] MostRecentlyActiveProfile: name=Profile 1 path=G:\java-project\pg-management-system\BackEnd\.metadata\.plugins\org.eclipse.swt\EBWebView\Default lastActive=2026-08-30T07:40:56.768Z
2026-09-01 05:31:48.530: [INFO] OnDoneLoading sync enabled: 0
2026-09-01 05:31:48.530: [INFO] BookmarkModelLoaded, ids_reassigned: 0
2026-09-01 05:31:48.530: [INFO] BookmarksLoadDropped droppedNodes=0
2026-09-01 05:31:48.530: [INFO] BookmarksSnapshot Startup total=0 bar=0 other=0 mobile=0 showBar=0 showBarNTP=1
2026-09-01 05:32:07.067: [INFO] BookmarksSnapshot Shutdown total=0 bar=0 other=0 mobile=0 showBar=0 showBarNTP=1
